node.exe : 
[31mfailed to load 
config from 
D:\projects\FINAL YE
AR\frontend\vite.con
fig.js[39m
At C:\Program Files\
nodejs\npm.ps1:29 
char:3
+   & $NODE_EXE 
$NPM_CLI_JS $args
+   ~~~~~~~~~~~~~~~~
~~~~~~~~~~~~~
    + CategoryInfo  
            : NotS  
  pecified: ([31   
 mfailed to ....    
config.js[39m:    
String) [], Rem    
oteException
    + FullyQualifie 
   dErrorId : Nati  
  veCommandError
 
[31merror when 
starting dev server:
Error [ERR_MODULE_NO
T_FOUND]: Cannot 
find package '@vitej
s/plugin-react' 
imported from 
D:\projects\FINAL YE
AR\frontend\vite.con
fig.js.timestamp-177
1820066298-dfdf364c2
090c.mjs
    at Object.getPac
kageJSONURL (node:in
ternal/modules/packa
ge_json_reader:268:9
)
    at 
packageResolve (node
:internal/modules/es
m/resolve:768:81)
    at 
moduleResolve (node:
internal/modules/esm
/resolve:854:18)
    at 
defaultResolve (node
:internal/modules/es
m/resolve:984:11)
    at ModuleLoader.
defaultResolve (node
:internal/modules/es
m/loader:685:12)
    at #cachedDefaul
tResolve (node:inter
nal/modules/esm/load
er:634:25)
    at ModuleLoader.
resolve (node:intern
al/modules/esm/loade
r:617:38)
    at ModuleLoader.
getModuleJobForImpor
t (node:internal/mod
ules/esm/loader:273:
38)
    at 
ModuleJob._link (nod
e:internal/modules/e
sm/module_job:135:49
)[39m
